[krkr2_test] core=/storage/roms/ports/ROCgalgame/cores/krkr/krkr2
[krkr2_test] project=/tmp/nekopara2/data.xp3
[krkr2_test] workdir=/tmp/nekopara2
[krkr2_test] backend=wayland wayland=wayland-1 xdg=/run/0-runtime-dir sway=/run/0-runtime-dir/sway-ipc.0.sock
[krkr2_test] pid=259040
[krkr2_test] alive_after_35s=1
[krkr2_test] window_found=1
[krkr2_test] tjs_marker_found=1
[krkr2_test] expected_tjs_marker=none
[krkr2_test] input_marker_found=1
[krkr2_test] expected_input_marker=none
[krkr2_test] exit_code=143
[krkr2_test] renderer=Mali-G52
[krkr2_test] hardware_renderer=1
[krkr2_test] log=/storage/roms/ports/ROCgalgame/logs/krkr2-presentation-proof/krkr2-presentation-proof-20260728-123808.log
[krkr2_test] tree=/storage/roms/ports/ROCgalgame/logs/krkr2-presentation-proof/krkr2-presentation-proof-20260728-123808.sway-tree.json
[krkr2_test] log_tail_begin
pertain to any part of the Derivative Works; and

If the Work includes a "NOTICE" text file as part of its distribution,
then any Derivative Works that You distribute must include a readable
copy of the attribution notices contained within such NOTICE file,
excluding those notices that do not pertain to any part of the
Derivative Works, in at least one of the following places: within a
NOTICE text file distributed as part of the Derivative Works; within
the Source form or documentation, if provided along with the
Derivative Works; or, within a display generated by the Derivative
Works, if and wherever such third-party notices normally appear. The
contents of the NOTICE file are for informational purposes only and do
not modify the License. You may add Your own attribution notices
within Derivative Works that You distribute, alongside or as an
addendum to the NOTICE text from the Work, provided that such
additional attribution notices cannot be construed as modifying the
License.

You may add Your own copyright statement to Your modifications and may
provide additional or different license terms and conditions for use,
reproduction, or distribution of Your modifications, or for any such
Derivative Works as a whole, provided Your use, reproduction, and
distribution of the Work otherwise complies with the conditions stated
in this License.

5. Submission of Contributions. Unless You explicitly state otherwise,
any Contribution intentionally submitted for inclusion in the Work by
You to the Licensor shall be under the terms and conditions of this
License, without any additional terms or conditions. Notwithstanding
the above, nothing herein shall supersede or modify the terms of any
separate license agreement you may have executed with Licensor
regarding such Contributions.

6. Trademarks. This License does not grant permission to use the trade
names, trademarks, service marks, or product names of the Licensor,
except as required for reasonable and customary use in describing the
origin of the Work and reproducing the content of the NOTICE file.

7. Disclaimer of Warranty. Unless required by applicable law or agreed
to in writing, Licensor provides the Work (and each Contributor
provides its Contributions) on an "AS IS" BASIS, WITHOUT WARRANTIES OR
CONDITIONS OF ANY KIND, either express or implied, including, without
limitation, any warranties or conditions of TITLE, NON-INFRINGEMENT,
MERCHANTABILITY, or FITNESS FOR A PARTICULAR PURPOSE. You are solely
responsible for determining the appropriateness of using or
redistributing the Work and assume any risks associated with Your
exercise of permissions under this License.

8. Limitation of Liability. In no event and under no legal theory,
whether in tort (including negligence), contract, or otherwise, unless
required by applicable law (such as deliberate and grossly negligent
acts) or agreed to in writing, shall any Contributor be liable to You
for damages, including any direct, indirect, special, incidental, or
consequential damages of any character arising as a result of this
License or out of the use or inability to use the Work (including but
not limited to damages for loss of goodwill, work stoppage, computer
failure or malfunction, or any and all other commercial damages or
losses), even if such Contributor has been advised of the possibility
of such damages.

9. Accepting Warranty or Additional Liability. While redistributing
the Work or Derivative Works thereof, You may choose to offer, and
charge a fee for, acceptance of support, warranty, indemnity, or other
liability obligations and/or rights consistent with this
License. However, in accepting such obligations, You may act only on
Your own behalf and on Your sole responsibility, not on behalf of any
other Contributor, and only if You agree to indemnify, defend, and
hold each Contributor harmless for any liability incurred by, or
claims asserted against, such Contributor by reason of your accepting
any such warranty or additional liability.
================================================================================
[2026-07-28 12:38:10.444] [tjs2] [info]  PreRenderFontEx.tjs を読み込みました(5ms)
[2026-07-28 12:38:11.285] [tjs2] [info]  embFontLoader.tjs を読み込みました(854ms)
[2026-07-28 12:38:11.286] [tjs2] [info]  Override.tjs を読み込みました(1162ms)
[2026-07-28 12:38:11.287] [core] [error] Loading Plugin: wuvorbis.dll Failed
[2026-07-28 12:38:11.287] [core] [error] Loading Plugin: wuopus.dll Failed
[2026-07-28 12:38:11.287] [tjs2] [info]  スクリプトの読み込みに 1885ms かかりました
[2026-07-28 12:38:11.291] [tjs2] [info]  セーブデータ保存場所:file://./tmp/nekopara2/savedata/
[2026-07-28 12:38:11.341] [tjs2] [info]  win32dialog.tjs を読み込みました(13ms)
[2026-07-28 12:38:11.341] [tjs2] [info]  debugutil.tjs を読み込みました(46ms)
[2026-07-28 12:38:11.357] [tjs2] [info] [rocgalgame] ogl paths renderer=Mali-G52 framebuffer_fetch=0 clear_texture=0 mali_safe=1
[2026-07-28 12:38:11.887] [tjs2] [info]  LogWindow.tjs を読み込みました(1ms)
[2026-07-28 12:38:11.902] [plugin] [info] ResourceManager: kag=0x55b9493340 cacheSize=20971520
[2026-07-28 12:38:11.907] [tjs2] [info]  (info) Rebuilding Auto Path Table ...
[2026-07-28 12:38:11.918] [tjs2] [info]  (info) Total 7888 file(s) found, 7862 file(s) activated. (11ms)
[2026-07-28 12:38:11.918] [tjs2] [info]  Plugin.tjs を読み込みました(1ms)
[2026-07-28 12:38:11.919] [tjs2] [info]  * loadEnvinfo:envinit.tjs
[2026-07-28 12:38:12.103] [tjs2] [info]  standview.tjs を読み込みました(25ms)
[2026-07-28 12:38:12.103] [tjs2] [info]  KAGMainWindow のコンストラクタで 815ms かかりました
[2026-07-28 12:38:12.108] [tjs2] [info]  エモーションレイアウト調整ファイルの読み込みに失敗しました:Cannot open storage emotion.txt
[2026-07-28 12:38:12.112] [tjs2] [info]  AfterInit.tjs を読み込みました(10ms)
[2026-07-28 12:38:12.115] [core] [info] Startup script ended.
[2026-07-28 12:38:12.116] [core] [error] Loading Plugin: extrans.dll Failed
[2026-07-28 12:38:12.135] [tjs2] [info]  updatebgm, playbgm
[2026-07-28 12:38:12.135] [tjs2] [info]  (info) Sound Driver/Device found : OpenAL Soft
[2026-07-28 12:38:12.196] [tjs2] [info]  (info) Use malloc for Bitmap
"/storage/roms/ports/ROCgalgame/cores/krkr/Resources/img/exit_icon.png" rc=2 id=19 64 x 64 @ 32 bpp => 16 KB
"/storage/roms/ports/ROCgalgame/cores/krkr/Resources/img/mouse_icon.png" rc=2 id=15 64 x 64 @ 32 bpp => 16 KB
"/storage/roms/ports/ROCgalgame/cores/krkr/Resources/img/touch_icon.png" rc=2 id=14 64 x 64 @ 32 bpp => 16 KB
"/storage/roms/ports/ROCgalgame/cores/krkr/Resources/img/windows_icon.png" rc=2 id=13 80 x 80 @ 32 bpp => 25 KB
"/storage/roms/ports/ROCgalgame/cores/krkr/Resources/img/menu_icon.png" rc=2 id=10 64 x 64 @ 32 bpp => 16 KB
"/storage/roms/ports/ROCgalgame/cores/krkr/Resources/img/empty.png" rc=11 id=5 1 x 1 @ 32 bpp => 0 KB
"/storage/roms/ports/ROCgalgame/cores/krkr/Resources/img/white.png" rc=6 id=6 1 x 1 @ 32 bpp => 0 KB
"/storage/roms/ports/ROCgalgame/cores/krkr/Resources/img/menu_handler.png" rc=2 id=4 48 x 48 @ 32 bpp => 9 KB
"/storage/roms/ports/ROCgalgame/cores/krkr/Resources/img/keyboard_icon.png" rc=2 id=16 64 x 45 @ 32 bpp => 11 KB
"/cc_2x2_white_image" rc=2 id=2 2 x 2 @ 32 bpp => 0 KB
TextureCache dumpDebugInfo: 10 textures, for 109 KB (0.11 MB)


[2026-07-28 12:38:12.807] [tjs2] [info]  ショコラ, バニラ, メイプル, シナモン, アズキ, ココナツ, 時雨, ミルク
[2026-07-28 12:38:12.811] [tjs2] [info]  ランダムボイス, brand, シナモン, shina_call_0001.ogg
[2026-07-28 12:38:15.467] [tjs2] [info]  UILoader.tjs を読み込みました(13ms)
[2026-07-28 12:38:15.729] [tjs2] [info]  updatebgm, playbgm
[2026-07-28 12:38:15.904] [tjs2] [info]  ランダムボイス, title, シナモン, shina_call_0003.ogg
[2026-07-28 12:38:17.237] [tjs2] [info] [rocgalgame] perf fps=55.8 frame_ms_p50=16.12 p95=16.85 p99=25.98 max=281.41 ipc_bytes=0 parsed_axis=0 axis_discarded=0 parsed_buttons=0 parsed_keys=0 queue_depth=0 queue_overflows=0 pointer_dispatches=0
[2026-07-28 12:38:22.249] [tjs2] [info] [rocgalgame] perf fps=58.9 frame_ms_p50=16.10 p95=16.85 p99=18.00 max=281.41 ipc_bytes=0 parsed_axis=0 axis_discarded=0 parsed_buttons=0 parsed_keys=0 queue_depth=0 queue_overflows=0 pointer_dispatches=0
[2026-07-28 12:38:27.251] [tjs2] [info] [rocgalgame] perf fps=62.0 frame_ms_p50=16.09 p95=16.83 p99=17.04 max=18.00 ipc_bytes=0 parsed_axis=0 axis_discarded=0 parsed_buttons=0 parsed_keys=0 queue_depth=0 queue_overflows=0 pointer_dispatches=0
[2026-07-28 12:38:32.263] [tjs2] [info] [rocgalgame] perf fps=62.0 frame_ms_p50=16.11 p95=16.83 p99=17.01 max=17.11 ipc_bytes=0 parsed_axis=0 axis_discarded=0 parsed_buttons=0 parsed_keys=0 queue_depth=0 queue_overflows=0 pointer_dispatches=0
[2026-07-28 12:38:37.266] [tjs2] [info] [rocgalgame] perf fps=61.9 frame_ms_p50=16.13 p95=16.91 p99=17.03 max=17.09 ipc_bytes=0 parsed_axis=0 axis_discarded=0 parsed_buttons=0 parsed_keys=0 queue_depth=0 queue_overflows=0 pointer_dispatches=0
[2026-07-28 12:38:42.279] [tjs2] [info] [rocgalgame] perf fps=61.8 frame_ms_p50=16.16 p95=16.93 p99=17.06 max=17.09 ipc_bytes=0 parsed_axis=0 axis_discarded=0 parsed_buttons=0 parsed_keys=0 queue_depth=0 queue_overflows=0 pointer_dispatches=0
[krkr2_test] log_tail_end
